src/components/docs/demos.tsx(824,17): error TS2323: Cannot redeclare exported variable 'DotPatternDemo'.
src/components/docs/demos.tsx(824,17): error TS2393: Duplicate function implementation.
src/components/docs/demos.tsx(982,17): error TS2323: Cannot redeclare exported variable 'AuroraBackgroundDemo'.
src/components/docs/demos.tsx(982,17): error TS2393: Duplicate function implementation.
src/components/docs/demos.tsx(996,17): error TS2323: Cannot redeclare exported variable 'GridPatternDemo'.
src/components/docs/demos.tsx(996,17): error TS2393: Duplicate function implementation.
src/components/docs/demos.tsx(1016,17): error TS2323: Cannot redeclare exported variable 'ShootingStarsDemo'.
src/components/docs/demos.tsx(1016,17): error TS2393: Duplicate function implementation.
src/components/docs/demos.tsx(1028,17): error TS2323: Cannot redeclare exported variable 'StarsDemo'.
src/components/docs/demos.tsx(1028,17): error TS2393: Duplicate function implementation.
src/components/docs/demos.tsx(1087,17): error TS2323: Cannot redeclare exported variable 'StripedPatternDemo'.
src/components/docs/demos.tsx(1087,17): error TS2393: Duplicate function implementation.
src/components/docs/demos.tsx(1098,17): error TS2323: Cannot redeclare exported variable 'WarpBackgroundDemo'.
src/components/docs/demos.tsx(1098,17): error TS2393: Duplicate function implementation.
src/components/docs/demos.tsx(1114,17): error TS2323: Cannot redeclare exported variable 'InteractiveGridPatternDemo'.
src/components/docs/demos.tsx(1114,17): error TS2393: Duplicate function implementation.
src/components/docs/demos.tsx(1125,17): error TS2323: Cannot redeclare exported variable 'FlickeringGridDemo'.
src/components/docs/demos.tsx(1125,17): error TS2393: Duplicate function implementation.
src/components/docs/demos.tsx(1328,17): error TS2323: Cannot redeclare exported variable 'StarsDemo'.
src/components/docs/demos.tsx(1328,17): error TS2393: Duplicate function implementation.
src/components/docs/demos.tsx(1339,17): error TS2323: Cannot redeclare exported variable 'ShootingStarsDemo'.
src/components/docs/demos.tsx(1339,17): error TS2393: Duplicate function implementation.
src/components/docs/demos.tsx(1351,17): error TS2323: Cannot redeclare exported variable 'BackgroundBeamsDemo'.
src/components/docs/demos.tsx(1351,17): error TS2393: Duplicate function implementation.
src/components/docs/demos.tsx(1362,17): error TS2323: Cannot redeclare exported variable 'DotPatternDemo'.
src/components/docs/demos.tsx(1362,17): error TS2393: Duplicate function implementation.
src/components/docs/demos.tsx(1373,17): error TS2323: Cannot redeclare exported variable 'GridPatternDemo'.
src/components/docs/demos.tsx(1373,17): error TS2393: Duplicate function implementation.
src/components/docs/demos.tsx(1391,17): error TS2323: Cannot redeclare exported variable 'StripedPatternDemo'.
src/components/docs/demos.tsx(1391,17): error TS2393: Duplicate function implementation.
src/components/docs/demos.tsx(1402,17): error TS2323: Cannot redeclare exported variable 'WarpBackgroundDemo'.
src/components/docs/demos.tsx(1402,17): error TS2393: Duplicate function implementation.
src/components/docs/demos.tsx(1413,17): error TS2323: Cannot redeclare exported variable 'InteractiveGridPatternDemo'.
src/components/docs/demos.tsx(1413,17): error TS2393: Duplicate function implementation.
src/components/docs/demos.tsx(1424,17): error TS2323: Cannot redeclare exported variable 'FlickeringGridDemo'.
src/components/docs/demos.tsx(1424,17): error TS2393: Duplicate function implementation.
src/components/docs/demos.tsx(1437,9): error TS2322: Type '{ className: string; squareSize: number; gridGap: number; color: string; maxOpacity: number; flickerChance: number; height: number; width: number; }' is not assignable to type 'IntrinsicAttributes & FlickeringGridProps & RefAttributes<HTMLDivElement>'.
  Property 'height' does not exist on type 'IntrinsicAttributes & FlickeringGridProps & RefAttributes<HTMLDivElement>'.
src/components/docs/demos.tsx(1444,17): error TS2323: Cannot redeclare exported variable 'AuroraBackgroundDemo'.
src/components/docs/demos.tsx(1444,17): error TS2393: Duplicate function implementation.
src/components/docs/demos.tsx(1465,17): error TS2323: Cannot redeclare exported variable 'BackgroundBeamsDemo'.
src/components/docs/demos.tsx(1465,17): error TS2393: Duplicate function implementation.
src/components/docs/demos.tsx(1860,8): error TS2739: Type '{}' is missing the following properties from type 'ExpandableBentoCardProps': title, description
src/components/docs/demos.tsx(1980,36): error TS2353: Object literal may only specify known properties, and 'designation' does not exist in type 'Card'.
src/components/docs/demos.tsx(1981,36): error TS2353: Object literal may only specify known properties, and 'designation' does not exist in type 'Card'.
src/components/docs/demos.tsx(1982,36): error TS2353: Object literal may only specify known properties, and 'designation' does not exist in type 'Card'.
src/data/component-docs.tsx(618,22): error TS2339: Property 'PointerDemo' does not exist on type 'typeof import("D:/Code/unicorn-ui/src/components/docs/demos")'.
src/data/component-docs.tsx(627,22): error TS2339: Property 'ProgressiveBlurDemo' does not exist on type 'typeof import("D:/Code/unicorn-ui/src/components/docs/demos")'.
src/data/component-docs.tsx(636,22): error TS2339: Property 'ReorderableListDemo' does not exist on type 'typeof import("D:/Code/unicorn-ui/src/components/docs/demos")'.
src/data/component-docs.tsx(645,22): error TS2339: Property 'SmoothCursorDemo' does not exist on type 'typeof import("D:/Code/unicorn-ui/src/components/docs/demos")'.
src/data/component-docs.tsx(654,22): error TS2551: Property 'SpotlightCardDemo' does not exist on type 'typeof import("D:/Code/unicorn-ui/src/components/docs/demos")'. Did you mean 'SpotlightDemo'?
src/data/component-docs.tsx(663,22): error TS2339: Property 'StaggeredGridDemo' does not exist on type 'typeof import("D:/Code/unicorn-ui/src/components/docs/demos")'.
src/data/component-docs.tsx(672,22): error TS2339: Property 'TopNavDemo' does not exist on type 'typeof import("D:/Code/unicorn-ui/src/components/docs/demos")'.
src/data/component-docs.tsx(681,22): error TS2339: Property 'TracingBeamDemo' does not exist on type 'typeof import("D:/Code/unicorn-ui/src/components/docs/demos")'.
src/data/component-docs.tsx(1558,22): error TS2339: Property 'CustomPointerDemo' does not exist on type 'typeof import("D:/Code/unicorn-ui/src/components/docs/demos")'.
src/data/component-docs.tsx(1567,22): error TS2339: Property 'FollowerPointerDemo' does not exist on type 'typeof import("D:/Code/unicorn-ui/src/components/docs/demos")'.
src/data/component-docs.tsx(1576,22): error TS2339: Property 'PixelTrailDemo' does not exist on type 'typeof import("D:/Code/unicorn-ui/src/components/docs/demos")'.
src/data/component-docs.tsx(1594,22): error TS2551: Property 'ScrollProgressiveBlurDemo' does not exist on type 'typeof import("D:/Code/unicorn-ui/src/components/docs/demos")'. Did you mean 'ScrollProgressDemo'?
